Archive member included to satisfy reference by file (symbol)

c:/program files (x86)/atmel/studio/7.0/toolchain/arm/arm-gnu-toolchain/bin/../lib/gcc/arm-none-eabi/6.3.1/../../../../arm-none-eabi/lib/thumb/v6-m\libc_nano.a(lib_a-exit.o)
                              c:/program files (x86)/atmel/studio/7.0/toolchain/arm/arm-gnu-toolchain/bin/../lib/gcc/arm-none-eabi/6.3.1/../../../../arm-none-eabi/lib/thumb/v6-m/crt0.o (exit)
c:/program files (x86)/atmel/studio/7.0/toolchain/arm/arm-gnu-toolchain/bin/../lib/gcc/arm-none-eabi/6.3.1/../../../../arm-none-eabi/lib/thumb/v6-m\libc_nano.a(lib_a-impure.o)
                              c:/program files (x86)/atmel/studio/7.0/toolchain/arm/arm-gnu-toolchain/bin/../lib/gcc/arm-none-eabi/6.3.1/../../../../arm-none-eabi/lib/thumb/v6-m\libc_nano.a(lib_a-exit.o) (_global_impure_ptr)
c:/program files (x86)/atmel/studio/7.0/toolchain/arm/arm-gnu-toolchain/bin/../lib/gcc/arm-none-eabi/6.3.1/../../../../arm-none-eabi/lib/thumb/v6-m\libc_nano.a(lib_a-init.o)
                              c:/program files (x86)/atmel/studio/7.0/toolchain/arm/arm-gnu-toolchain/bin/../lib/gcc/arm-none-eabi/6.3.1/../../../../arm-none-eabi/lib/thumb/v6-m/crt0.o (__libc_init_array)
c:/program files (x86)/atmel/studio/7.0/toolchain/arm/arm-gnu-toolchain/bin/../lib/gcc/arm-none-eabi/6.3.1/../../../../arm-none-eabi/lib/thumb/v6-m\libc_nano.a(lib_a-memset.o)
                              c:/program files (x86)/atmel/studio/7.0/toolchain/arm/arm-gnu-toolchain/bin/../lib/gcc/arm-none-eabi/6.3.1/../../../../arm-none-eabi/lib/thumb/v6-m/crt0.o (memset)

Allocating common symbols
Common symbol       size              file

size_of_data        0x2               sam_ba/usart_sam_ba.o
mode_of_transfer    0x1               sam_ba/usart_sam_ba.o
ptr_monitor_if      0x4               sam_ba/sam_ba_monitor.o
sp                  0x4               sam_ba/sam_ba_monitor.o

Discarded input sections

 .text          0x00000000        0x0 c:/program files (x86)/atmel/studio/7.0/toolchain/arm/arm-gnu-toolchain/bin/../lib/gcc/arm-none-eabi/6.3.1/thumb/v6-m/crti.o
 .data          0x00000000        0x0 c:/program files (x86)/atmel/studio/7.0/toolchain/arm/arm-gnu-toolchain/bin/../lib/gcc/arm-none-eabi/6.3.1/thumb/v6-m/crti.o
 .bss           0x00000000        0x0 c:/program files (x86)/atmel/studio/7.0/toolchain/arm/arm-gnu-toolchain/bin/../lib/gcc/arm-none-eabi/6.3.1/thumb/v6-m/crti.o
 .data          0x00000000        0x4 c:/program files (x86)/atmel/studio/7.0/toolchain/arm/arm-gnu-toolchain/bin/../lib/gcc/arm-none-eabi/6.3.1/thumb/v6-m/crtbegin.o
 .text          0x00000000       0x78 c:/program files (x86)/atmel/studio/7.0/toolchain/arm/arm-gnu-toolchain/bin/../lib/gcc/arm-none-eabi/6.3.1/../../../../arm-none-eabi/lib/thumb/v6-m/crt0.o
 .data          0x00000000        0x0 c:/program files (x86)/atmel/studio/7.0/toolchain/arm/arm-gnu-toolchain/bin/../lib/gcc/arm-none-eabi/6.3.1/../../../../arm-none-eabi/lib/thumb/v6-m/crt0.o
 .bss           0x00000000        0x0 c:/program files (x86)/atmel/studio/7.0/toolchain/arm/arm-gnu-toolchain/bin/../lib/gcc/arm-none-eabi/6.3.1/../../../../arm-none-eabi/lib/thumb/v6-m/crt0.o
 .ARM.extab     0x00000000        0x0 c:/program files (x86)/atmel/studio/7.0/toolchain/arm/arm-gnu-toolchain/bin/../lib/gcc/arm-none-eabi/6.3.1/../../../../arm-none-eabi/lib/thumb/v6-m/crt0.o
 .ARM.exidx     0x00000000        0x8 c:/program files (x86)/atmel/studio/7.0/toolchain/arm/arm-gnu-toolchain/bin/../lib/gcc/arm-none-eabi/6.3.1/../../../../arm-none-eabi/lib/thumb/v6-m/crt0.o
 .ARM.attributes
                0x00000000       0x1b c:/program files (x86)/atmel/studio/7.0/toolchain/arm/arm-gnu-toolchain/bin/../lib/gcc/arm-none-eabi/6.3.1/../../../../arm-none-eabi/lib/thumb/v6-m/crt0.o
 .group         0x00000000        0x8 Device_Startup/startup_samd21.o
 .group         0x00000000        0x8 Device_Startup/startup_samd21.o
 .group         0x00000000        0x8 Device_Startup/startup_samd21.o
 .group         0x00000000        0x8 Device_Startup/startup_samd21.o
 .group         0x00000000        0x8 Device_Startup/startup_samd21.o
 .group         0x00000000        0x8 Device_Startup/startup_samd21.o
 .group         0x00000000        0x8 Device_Startup/startup_samd21.o
 .group         0x00000000        0x8 Device_Startup/startup_samd21.o
 .group         0x00000000        0x8 Device_Startup/startup_samd21.o
 .group         0x00000000        0x8 Device_Startup/startup_samd21.o
 .group         0x00000000        0x8 Device_Startup/startup_samd21.o
 .group         0x00000000        0x8 Device_Startup/startup_samd21.o
 .group         0x00000000        0x8 Device_Startup/startup_samd21.o
 .group         0x00000000        0x8 Device_Startup/startup_samd21.o
 .group         0x00000000        0x8 Device_Startup/startup_samd21.o
 .group         0x00000000        0x8 Device_Startup/startup_samd21.o
 .group         0x00000000        0x8 Device_Startup/startup_samd21.o
[...]
Memory Configuration

Name             Origin             Length             Attributes
rom              0x00000000         0x00040000         xr
ram              0x20000000         0x00008000         xrw
*default*        0x00000000         0xffffffff

Linker script and memory map

LOAD c:/program files (x86)/atmel/studio/7.0/toolchain/arm/arm-gnu-toolchain/bin/../lib/gcc/arm-none-eabi/6.3.1/thumb/v6-m/crti.o
LOAD c:/program files (x86)/atmel/studio/7.0/toolchain/arm/arm-gnu-toolchain/bin/../lib/gcc/arm-none-eabi/6.3.1/thumb/v6-m/crtbegin.o
LOAD c:/program files (x86)/atmel/studio/7.0/toolchain/arm/arm-gnu-toolchain/bin/../lib/gcc/arm-none-eabi/6.3.1/../../../../arm-none-eabi/lib/thumb/v6-m/crt0.o
LOAD Device_Startup/startup_samd21.o
LOAD Device_Startup/system_samd21.o
LOAD drivers/cdc_enumerate.o
LOAD drivers/uart_driver.o
LOAD main.o
LOAD sam_ba/sam_ba_monitor.o
LOAD sam_ba/usart_sam_ba.o
LOAD sam_ba/usb_sam_ba.o
START GROUP
LOAD c:/program files (x86)/atmel/studio/7.0/toolchain/arm/arm-gnu-toolchain/bin/../lib/gcc/arm-none-eabi/6.3.1/../../../../arm-none-eabi/lib/thumb/v6-m\libm.a
END GROUP
                0x00000280                STACK_SIZE = 0x280
START GROUP
LOAD c:/program files (x86)/atmel/studio/7.0/toolchain/arm/arm-gnu-toolchain/bin/../lib/gcc/arm-none-eabi/6.3.1/thumb/v6-m\libgcc.a
LOAD c:/program files (x86)/atmel/studio/7.0/toolchain/arm/arm-gnu-toolchain/bin/../lib/gcc/arm-none-eabi/6.3.1/../../../../arm-none-eabi/lib/thumb/v6-m\libc_nano.a
END GROUP
START GROUP
LOAD c:/program files (x86)/atmel/studio/7.0/toolchain/arm/arm-gnu-toolchain/bin/../lib/gcc/arm-none-eabi/6.3.1/thumb/v6-m\libgcc.a
LOAD c:/program files (x86)/atmel/studio/7.0/toolchain/arm/arm-gnu-toolchain/bin/../lib/gcc/arm-none-eabi/6.3.1/../../../../arm-none-eabi/lib/thumb/v6-m\libc_nano.a
END GROUP
LOAD c:/program files (x86)/atmel/studio/7.0/toolchain/arm/arm-gnu-toolchain/bin/../lib/gcc/arm-none-eabi/6.3.1/thumb/v6-m/crtend.o
LOAD c:/program files (x86)/atmel/studio/7.0/toolchain/arm/arm-gnu-toolchain/bin/../lib/gcc/arm-none-eabi/6.3.1/thumb/v6-m/crtn.o
                0x00002000                STACK_SIZE = DEFINED (STACK_SIZE)?STACK_SIZE:DEFINED (__stack_size__)?__stack_size__:0x2000

.text           0x00000000      0xa74
                0x00000000                . = ALIGN (0x4)
                0x00000000                _sfixed = .
 *(.vectors .vectors.*)
 .vectors       0x00000000       0xb4 Device_Startup/startup_samd21.o
                0x00000000                exception_table
 *(.text .text.* .gnu.linkonce.t.*)
 .text          0x000000b4       0x60 c:/program files (x86)/atmel/studio/7.0/toolchain/arm/arm-gnu-toolchain/bin/../lib/gcc/arm-none-eabi/6.3.1/thumb/v6-m/crtbegin.o
 .text.Dummy_Handler
                0x00000114        0x2 Device_Startup/startup_samd21.o
                0x00000114                SVCall_Handler
                0x00000114                DMAC_Handler
                0x00000114                HardFault_Handler
                0x00000114                AC_Handler
                0x00000114                SysTick_Handler
                0x00000114                PendSV_Handler
                0x00000114                SERCOM1_Handler
                0x00000114                ADC_Handler
                0x00000114                NonMaskableInt_Handler
                0x00000114                TCC1_Handler
                0x00000114                SERCOM2_Handler
                0x00000114                TCC0_Handler
                0x00000114                RTC_Handler
                0x00000114                EIC_Handler
                0x00000114                WDT_Handler
                0x00000114                TC4_Handler
                0x00000114                USB_Handler
                0x00000114                TC3_Handler
                0x00000114                Dummy_Handler
                0x00000114                PM_Handler
                0x00000114                SERCOM5_Handler
                0x00000114                TCC2_Handler
                0x00000114                EVSYS_Handler
                0x00000114                SERCOM3_Handler
                0x00000114                SERCOM4_Handler
                0x00000114                I2S_Handler
                0x00000114                NVMCTRL_Handler
                0x00000114                SERCOM0_Handler
                0x00000114                DAC_Handler
                0x00000114                PTC_Handler
                0x00000114                TC5_Handler
                0x00000114                SYSCTRL_Handler
 *fill*         0x00000116        0x2 
 .text.Reset_Handler
                0x00000118       0xc4 Device_Startup/startup_samd21.o
                0x00000118                Reset_Handler
 .text.uart_basic_init
                0x000001dc       0x58 drivers/uart_driver.o
                0x000001dc                uart_basic_init
 .text.usart_open
                0x00000234       0x98 drivers/uart_driver.o
                0x00000234                usart_open
 .text.uart_write_byte
                0x000002cc       0x12 drivers/uart_driver.o
                0x000002cc                uart_write_byte
 .text.uart_read_byte
                0x000002de       0x1a drivers/uart_driver.o
                0x000002de                uart_read_byte
 .text.usart_is_rx_ready
                0x000002f8       0x10 drivers/uart_driver.o
                0x000002f8                usart_is_rx_ready
 .text.check_start_application
                0x00000308       0x50 main.o
 .text.main     0x00000358       0x48 main.o
                0x00000358                main
 .text.print_new_line
                0x000003a0       0x18 sam_ba/sam_ba_monitor.o
 .text.init_sam_ba_monitor_interface
                0x000003b8        0xc sam_ba/sam_ba_monitor.o
                0x000003b8                init_sam_ba_monitor_interface
 .text.sam_ba_putdata_term
                0x000003c4       0x88 sam_ba/sam_ba_monitor.o
                0x000003c4                sam_ba_putdata_term
 .text.call_applet
                0x0000044c       0x2c sam_ba/sam_ba_monitor.o
                0x0000044c                call_applet
 .text.sam_ba_monitor_run
                0x00000478      0x1fc sam_ba/sam_ba_monitor.o
                0x00000478                sam_ba_monitor_run
 .text.process_sam_ba_monitor
                0x00000674       0x34 sam_ba/sam_ba_monitor.o
                0x00000674                process_sam_ba_monitor
 .text.usart_putc
                0x000006a8       0x18 sam_ba/usart_sam_ba.o
                0x000006a8                usart_putc
 .text.usart_getc
                0x000006c0       0x20 sam_ba/usart_sam_ba.o
                0x000006c0                usart_getc
 .text.usart_putdata
                0x000006e0       0x20 sam_ba/usart_sam_ba.o
                0x000006e0                usart_putdata
 .text.usart_getdata
                0x00000700       0x14 sam_ba/usart_sam_ba.o
                0x00000700                usart_getdata
 .text.add_crc  0x00000714       0x2c sam_ba/usart_sam_ba.o
                0x00000714                add_crc
 .text.getbytes
                0x00000740       0x68 sam_ba/usart_sam_ba.o
 .text.putPacket
                0x000007a8       0x74 sam_ba/usart_sam_ba.o
 .text.getPacket
                0x0000081c       0x64 sam_ba/usart_sam_ba.o
                0x0000081c                getPacket
 .text.usart_putdata_xmd
                0x00000880       0x90 sam_ba/usart_sam_ba.o
                0x00000880                usart_putdata_xmd
 .text.usart_getdata_xmd
                0x00000910       0xa4 sam_ba/usart_sam_ba.o
                0x00000910                usart_getdata_xmd
 .text.__libc_init_array
                0x000009b4       0x48 c:/program files (x86)/atmel/studio/7.0/toolchain/arm/arm-gnu-toolchain/bin/../lib/gcc/arm-none-eabi/6.3.1/../../../../arm-none-eabi/lib/thumb/v6-m\libc_nano.a(lib_a-init.o)
                0x000009b4                __libc_init_array
 *(.glue_7t)
 .glue_7t       0x000009fc        0x0 linker stubs
 *(.glue_7)
 .glue_7        0x000009fc        0x0 linker stubs
 *(.rodata .rodata* .gnu.linkonce.r.*)
 .rodata        0x000009fc       0x18 drivers/uart_driver.o
 .rodata        0x00000a14       0x38 sam_ba/sam_ba_monitor.o
                0x00000a14                RomBOOT_Version
                0x00000a30                uart_if
 .rodata.str1.4
                0x00000a4c        0x8 sam_ba/sam_ba_monitor.o
                                  0x6 (size before relaxing)
 *(.ARM.extab* .gnu.linkonce.armextab.*)
                0x00000a54                . = ALIGN (0x4)
 *(.init)
 .init          0x00000a54        0x4 c:/program files (x86)/atmel/studio/7.0/toolchain/arm/arm-gnu-toolchain/bin/../lib/gcc/arm-none-eabi/6.3.1/thumb/v6-m/crti.o
                0x00000a54                _init
 .init          0x00000a58        0x8 c:/program files (x86)/atmel/studio/7.0/toolchain/arm/arm-gnu-toolchain/bin/../lib/gcc/arm-none-eabi/6.3.1/thumb/v6-m/crtn.o
                0x00000a60                . = ALIGN (0x4)
                0x00000a60                __preinit_array_start = .
 *(.preinit_array)
                0x00000a60                __preinit_array_end = .
                0x00000a60                . = ALIGN (0x4)
                0x00000a60                __init_array_start = .
 *(SORT(.init_array.*))
 *(.init_array)
 .init_array    0x00000a60        0x4 c:/program files (x86)/atmel/studio/7.0/toolchain/arm/arm-gnu-toolchain/bin/../lib/gcc/arm-none-eabi/6.3.1/thumb/v6-m/crtbegin.o
                0x00000a64                __init_array_end = .
                0x00000a64                . = ALIGN (0x4)
 *crtbegin.o(.ctors)
 *(EXCLUDE_FILE(*crtend.o) .ctors)
 *(SORT(.ctors.*))
 *crtend.o(.ctors)
                0x00000a64                . = ALIGN (0x4)
 *(.fini)
 .fini          0x00000a64        0x4 c:/program files (x86)/atmel/studio/7.0/toolchain/arm/arm-gnu-toolchain/bin/../lib/gcc/arm-none-eabi/6.3.1/thumb/v6-m/crti.o
                0x00000a64                _fini
 .fini          0x00000a68        0x8 c:/program files (x86)/atmel/studio/7.0/toolchain/arm/arm-gnu-toolchain/bin/../lib/gcc/arm-none-eabi/6.3.1/thumb/v6-m/crtn.o
                0x00000a70                . = ALIGN (0x4)
                0x00000a70                __fini_array_start = .
 *(.fini_array)
 .fini_array    0x00000a70        0x4 c:/program files (x86)/atmel/studio/7.0/toolchain/arm/arm-gnu-toolchain/bin/../lib/gcc/arm-none-eabi/6.3.1/thumb/v6-m/crtbegin.o
 *(SORT(.fini_array.*))
                0x00000a74                __fini_array_end = .
 *crtbegin.o(.dtors)
 *(EXCLUDE_FILE(*crtend.o) .dtors)
 *(SORT(.dtors.*))
 *crtend.o(.dtors)
                0x00000a74                . = ALIGN (0x4)
                0x00000a74                _efixed = .
                [!provide]                PROVIDE (__exidx_start, .)

.vfp11_veneer   0x00000a74        0x0
 .vfp11_veneer  0x00000a74        0x0 linker stubs

.v4_bx          0x00000a74        0x0
 .v4_bx         0x00000a74        0x0 linker stubs

.iplt           0x00000a74        0x0
 .iplt          0x00000a74        0x0 c:/program files (x86)/atmel/studio/7.0/toolchain/arm/arm-gnu-toolchain/bin/../lib/gcc/arm-none-eabi/6.3.1/thumb/v6-m/crtbegin.o

.eh_frame       0x00000a74        0x0
 .eh_frame      0x00000a74        0x0 c:/program files (x86)/atmel/studio/7.0/toolchain/arm/arm-gnu-toolchain/bin/../lib/gcc/arm-none-eabi/6.3.1/thumb/v6-m/crtbegin.o

.rel.dyn        0x00000a74        0x0
 .rel.iplt      0x00000a74        0x0 c:/program files (x86)/atmel/studio/7.0/toolchain/arm/arm-gnu-toolchain/bin/../lib/gcc/arm-none-eabi/6.3.1/thumb/v6-m/crtbegin.o

.jcr            0x00000a74        0x0
 .jcr           0x00000a74        0x0 c:/program files (x86)/atmel/studio/7.0/toolchain/arm/arm-gnu-toolchain/bin/../lib/gcc/arm-none-eabi/6.3.1/thumb/v6-m/crtbegin.o

.igot.plt       0x00000a74        0x0
 .igot.plt      0x00000a74        0x0 c:/program files (x86)/atmel/studio/7.0/toolchain/arm/arm-gnu-toolchain/bin/../lib/gcc/arm-none-eabi/6.3.1/thumb/v6-m/crtbegin.o

.ARM.exidx
 *(.ARM.exidx* .gnu.linkonce.armexidx.*)
                [!provide]                PROVIDE (__exidx_end, .)
                0x00000a74                . = ALIGN (0x4)
                0x00000a74                _etext = .

.relocate       0x20000000        0x0 load address 0x00000a74
                0x20000000                . = ALIGN (0x4)
                0x20000000                _srelocate = .
 *(.ramfunc .ramfunc.*)
 *(.data .data.*)
                0x20000000                . = ALIGN (0x4)
                0x20000000                _erelocate = .

.bss            0x20000000       0x2c
                0x20000000                . = ALIGN (0x4)
                0x20000000                _sbss = .
                0x20000000                _szero = .
 *(.bss .bss.*)
 .bss           0x20000000       0x1c c:/program files (x86)/atmel/studio/7.0/toolchain/arm/arm-gnu-toolchain/bin/../lib/gcc/arm-none-eabi/6.3.1/thumb/v6-m/crtbegin.o
 .bss           0x2000001c        0x1 sam_ba/sam_ba_monitor.o
                0x2000001c                b_terminal_mode
 *(COMMON)
 *fill*         0x2000001d        0x3 
 COMMON         0x20000020        0x8 sam_ba/sam_ba_monitor.o
                0x20000020                ptr_monitor_if
                0x20000024                sp
 COMMON         0x20000028        0x3 sam_ba/usart_sam_ba.o
                0x20000028                size_of_data
                0x2000002a                mode_of_transfer
                0x2000002c                . = ALIGN (0x4)
 *fill*         0x2000002b        0x1 
                0x2000002c                _ebss = .
                0x2000002c                _ezero = .

.stack          0x2000002c      0x284
                0x20000030                . = ALIGN (0x8)
 *fill*         0x2000002c        0x4 
                0x20000030                _sstack = .
                0x200002b0                . = (. + STACK_SIZE)
 *fill*         0x20000030      0x280 
                0x200002b0                . = ALIGN (0x8)
                0x200002b0                _estack = .
                0x200002b0                . = ALIGN (0x4)
                0x200002b0                _end = .
OUTPUT(SAM-BA_MONITOR_ROMLESS.elf elf32-littlearm)

.ARM.attributes
                0x00000000       0x28
 .ARM.attributes
                0x00000000       0x1e c:/program files (x86)/atmel/studio/7.0/toolchain/arm/arm-gnu-toolchain/bin/../lib/gcc/arm-none-eabi/6.3.1/thumb/v6-m/crti.o
 .ARM.attributes
                0x0000001e       0x2c c:/program files (x86)/atmel/studio/7.0/toolchain/arm/arm-gnu-toolchain/bin/../lib/gcc/arm-none-eabi/6.3.1/thumb/v6-m/crtbegin.o
 .ARM.attributes
                0x0000004a       0x32 Device_Startup/startup_samd21.o
 .ARM.attributes
                0x0000007c       0x32 drivers/uart_driver.o
 .ARM.attributes
                0x000000ae       0x32 main.o
 .ARM.attributes
                0x000000e0       0x32 sam_ba/sam_ba_monitor.o
 .ARM.attributes
                0x00000112       0x32 sam_ba/usart_sam_ba.o
 .ARM.attributes
                0x00000144       0x2c c:/program files (x86)/atmel/studio/7.0/toolchain/arm/arm-gnu-toolchain/bin/../lib/gcc/arm-none-eabi/6.3.1/../../../../arm-none-eabi/lib/thumb/v6-m\libc_nano.a(lib_a-init.o)
 .ARM.attributes
                0x00000170       0x1e c:/program files (x86)/atmel/studio/7.0/toolchain/arm/arm-gnu-toolchain/bin/../lib/gcc/arm-none-eabi/6.3.1/thumb/v6-m/crtn.o

.comment        0x00000000       0x59
 .comment       0x00000000       0x59 Device_Startup/startup_samd21.o
                                 0x5a (size before relaxing)
 .comment       0x00000059       0x5a drivers/uart_driver.o
 .comment       0x00000059       0x5a main.o
 .comment       0x00000059       0x5a sam_ba/sam_ba_monitor.o
 .comment       0x00000059       0x5a sam_ba/usart_sam_ba.o

.debug_info     0x00000000     0xdcd2
 .debug_info    0x00000000     0x3a2c Device_Startup/startup_samd21.o
 .debug_info    0x00003a2c     0x3dab drivers/uart_driver.o
 .debug_info    0x000077d7     0x2738 main.o
 .debug_info    0x00009f0f      0xff7 sam_ba/sam_ba_monitor.o
 .debug_info    0x0000af06     0x2dcc sam_ba/usart_sam_ba.o

.debug_abbrev   0x00000000      0xfb9
 .debug_abbrev  0x00000000      0x227 Device_Startup/startup_samd21.o
 .debug_abbrev  0x00000227      0x39e drivers/uart_driver.o
 .debug_abbrev  0x000005c5      0x316 main.o
 .debug_abbrev  0x000008db      0x393 sam_ba/sam_ba_monitor.o
 .debug_abbrev  0x00000c6e      0x34b sam_ba/usart_sam_ba.o

.debug_loc      0x00000000     0x10fe
 .debug_loc     0x00000000       0x78 Device_Startup/startup_samd21.o
 .debug_loc     0x00000078      0x37b drivers/uart_driver.o
 .debug_loc     0x000003f3       0x77 main.o
 .debug_loc     0x0000046a      0x46a sam_ba/sam_ba_monitor.o
 .debug_loc     0x000008d4      0x82a sam_ba/usart_sam_ba.o

.debug_aranges  0x00000000      0x168
 .debug_aranges
                0x00000000       0x28 Device_Startup/startup_samd21.o
 .debug_aranges
                0x00000028       0x58 drivers/uart_driver.o
 .debug_aranges
                0x00000080       0x28 main.o
 .debug_aranges
                0x000000a8       0x48 sam_ba/sam_ba_monitor.o
 .debug_aranges
                0x000000f0       0x78 sam_ba/usart_sam_ba.o

.debug_ranges   0x00000000      0x130
 .debug_ranges  0x00000000       0x18 Device_Startup/startup_samd21.o
 .debug_ranges  0x00000018       0x48 drivers/uart_driver.o
 .debug_ranges  0x00000060       0x18 main.o
 .debug_ranges  0x00000078       0x50 sam_ba/sam_ba_monitor.o
 .debug_ranges  0x000000c8       0x68 sam_ba/usart_sam_ba.o

.debug_macro    0x00000000    0x11a16
 .debug_macro   0x00000000      0x2fc Device_Startup/startup_samd21.o
 .debug_macro   0x000002fc      0x89e Device_Startup/startup_samd21.o
 .debug_macro   0x00000b9a       0x22 Device_Startup/startup_samd21.o
 .debug_macro   0x00000bbc       0x87 Device_Startup/startup_samd21.o
 .debug_macro   0x00000c43       0x51 Device_Startup/startup_samd21.o
 .debug_macro   0x00000c94       0xef Device_Startup/startup_samd21.o
 .debug_macro   0x00000d83       0x6a Device_Startup/startup_samd21.o
 .debug_macro   0x00000ded      0x1df Device_Startup/startup_samd21.o
 .debug_macro   0x00000fcc       0x39 Device_Startup/startup_samd21.o
 .debug_macro   0x00001005       0x1c Device_Startup/startup_samd21.o
 .debug_macro   0x00001021       0x22 Device_Startup/startup_samd21.o
 .debug_macro   0x00001043       0xb5 Device_Startup/startup_samd21.o
 .debug_macro   0x000010f8      0x3ad Device_Startup/startup_samd21.o
 .debug_macro   0x000014a5      0x67e Device_Startup/startup_samd21.o
 .debug_macro   0x00001b23      0x8b1 Device_Startup/startup_samd21.o
 .debug_macro   0x000023d4      0x22e Device_Startup/startup_samd21.o
 .debug_macro   0x00002602      0xd5c Device_Startup/startup_samd21.o
 .debug_macro   0x0000335e      0x4dc Device_Startup/startup_samd21.o
 .debug_macro   0x0000383a      0x9f6 Device_Startup/startup_samd21.o
 .debug_macro   0x00004230      0x82b Device_Startup/startup_samd21.o
 .debug_macro   0x00004a5b      0x45f Device_Startup/startup_samd21.o
 .debug_macro   0x00004eba       0x5e Device_Startup/startup_samd21.o
 .debug_macro   0x00004f18      0x8f9 Device_Startup/startup_samd21.o
 .debug_macro   0x00005811      0x21c Device_Startup/startup_samd21.o
 .debug_macro   0x00005a2d      0x735 Device_Startup/startup_samd21.o
 .debug_macro   0x00006162       0x5e Device_Startup/startup_samd21.o
 .debug_macro   0x000061c0      0x632 Device_Startup/startup_samd21.o
 .debug_macro   0x000067f2      0x3ac Device_Startup/startup_samd21.o
 .debug_macro   0x00006b9e      0xc76 Device_Startup/startup_samd21.o
 .debug_macro   0x00007814     0x1092 Device_Startup/startup_samd21.o
 .debug_macro   0x000088a6      0xc4a Device_Startup/startup_samd21.o
 .debug_macro   0x000094f0      0x6ba Device_Startup/startup_samd21.o
 .debug_macro   0x00009baa     0x1b3d Device_Startup/startup_samd21.o
 .debug_macro   0x0000b6e7     0x143c Device_Startup/startup_samd21.o
 .debug_macro   0x0000cb23      0x340 Device_Startup/startup_samd21.o
 .debug_macro   0x0000ce63       0x7c Device_Startup/startup_samd21.o
 .debug_macro   0x0000cedf       0xa0 Device_Startup/startup_samd21.o
 .debug_macro   0x0000cf7f       0x4c Device_Startup/startup_samd21.o
 .debug_macro   0x0000cfcb       0xca Device_Startup/startup_samd21.o
 .debug_macro   0x0000d095       0x94 Device_Startup/startup_samd21.o
 .debug_macro   0x0000d129       0x58 Device_Startup/startup_samd21.o
 .debug_macro   0x0000d181      0x341 Device_Startup/startup_samd21.o
 .debug_macro   0x0000d4c2       0x82 Device_Startup/startup_samd21.o
 .debug_macro   0x0000d544      0x189 Device_Startup/startup_samd21.o
 .debug_macro   0x0000d6cd       0xb8 Device_Startup/startup_samd21.o
 .debug_macro   0x0000d785       0xa0 Device_Startup/startup_samd21.o
 .debug_macro   0x0000d825       0xb2 Device_Startup/startup_samd21.o
 .debug_macro   0x0000d8d7       0x1c Device_Startup/startup_samd21.o
 .debug_macro   0x0000d8f3       0x1c Device_Startup/startup_samd21.o
 .debug_macro   0x0000d90f       0x1c Device_Startup/startup_samd21.o
 .debug_macro   0x0000d92b       0x7c Device_Startup/startup_samd21.o
 .debug_macro   0x0000d9a7      0x15a Device_Startup/startup_samd21.o
 .debug_macro   0x0000db01       0x10 Device_Startup/startup_samd21.o
 .debug_macro   0x0000db11       0xdc Device_Startup/startup_samd21.o
 .debug_macro   0x0000dbed      0x124 Device_Startup/startup_samd21.o
 .debug_macro   0x0000dd11      0x124 Device_Startup/startup_samd21.o
 .debug_macro   0x0000de35      0x124 Device_Startup/startup_samd21.o
 .debug_macro   0x0000df59      0x124 Device_Startup/startup_samd21.o
 .debug_macro   0x0000e07d      0x124 Device_Startup/startup_samd21.o
 .debug_macro   0x0000e1a1      0x124 Device_Startup/startup_samd21.o
 .debug_macro   0x0000e2c5      0x124 Device_Startup/startup_samd21.o
 .debug_macro   0x0000e3e9       0xe2 Device_Startup/startup_samd21.o
 .debug_macro   0x0000e4cb       0xe2 Device_Startup/startup_samd21.o
 .debug_macro   0x0000e5ad       0xe2 Device_Startup/startup_samd21.o
 .debug_macro   0x0000e68f      0x12a Device_Startup/startup_samd21.o
 .debug_macro   0x0000e7b9      0x100 Device_Startup/startup_samd21.o
 .debug_macro   0x0000e8b9       0xf4 Device_Startup/startup_samd21.o
 .debug_macro   0x0000e9ad      0x40f Device_Startup/startup_samd21.o
 .debug_macro   0x0000edbc       0x40 Device_Startup/startup_samd21.o
 .debug_macro   0x0000edfc      0x376 Device_Startup/startup_samd21.o
 .debug_macro   0x0000f172     0x17df Device_Startup/startup_samd21.o
 .debug_macro   0x00010951       0x6d Device_Startup/startup_samd21.o
 .debug_macro   0x000109be      0x3e4 drivers/uart_driver.o
 .debug_macro   0x00010da2      0x3ea main.o
 .debug_macro   0x0001118c      0x411 sam_ba/sam_ba_monitor.o
 .debug_macro   0x0001159d       0x46 sam_ba/sam_ba_monitor.o
 .debug_macro   0x000115e3      0x3f3 sam_ba/usart_sam_ba.o
 .debug_macro   0x000119d6       0x40 sam_ba/usart_sam_ba.o

.debug_line     0x00000000     0x2ac0
 .debug_line    0x00000000      0x6fa Device_Startup/startup_samd21.o
 .debug_line    0x000006fa      0x8d5 drivers/uart_driver.o
 .debug_line    0x00000fcf      0x808 main.o
 .debug_line    0x000017d7      0x95f sam_ba/sam_ba_monitor.o
 .debug_line    0x00002136      0x98a sam_ba/usart_sam_ba.o

.debug_str      0x00000000    0x725cb
 .debug_str     0x00000000    0x6ddbb Device_Startup/startup_samd21.o
                              0x6e1e7 (size before relaxing)
 .debug_str     0x0006ddbb     0x4064 drivers/uart_driver.o
                              0x7123d (size before relaxing)
 .debug_str     0x00071e1f      0x4bb main.o
                              0x70d3b (size before relaxing)
 .debug_str     0x000722da      0x1c8 sam_ba/sam_ba_monitor.o
                              0x7080d (size before relaxing)
 .debug_str     0x000724a2      0x129 sam_ba/usart_sam_ba.o
                              0x70de3 (size before relaxing)

.debug_frame    0x00000000      0x360
 .debug_frame   0x00000000       0x40 Device_Startup/startup_samd21.o
 .debug_frame   0x00000040       0xb4 drivers/uart_driver.o
 .debug_frame   0x000000f4       0x44 main.o
 .debug_frame   0x00000138       0xb0 sam_ba/sam_ba_monitor.o
 .debug_frame   0x000001e8      0x14c sam_ba/usart_sam_ba.o
 .debug_frame   0x00000334       0x2c c:/program files (x86)/atmel/studio/7.0/toolchain/arm/arm-gnu-toolchain/bin/../lib/gcc/arm-none-eabi/6.3.1/../../../../arm-none-eabi/lib/thumb/v6-m\libc_nano.a(lib_a-init.o)
